

================================================================
== Vivado HLS Report for 'generic_fmax_float_s'
================================================================
* Date:           Thu Apr  4 23:06:38 2019

* Version:        2018.3 (Build 2405991 on Thu Dec 06 23:56:15 MST 2018)
* Project:        CNN_Vivado
* Solution:       solution1
* Product family: zynquplus
* Target device:  xczu3eg-sbva484-1-e


================================================================
== Performance Estimates
================================================================
+ Timing (ns): 
    * Summary: 
    +--------+-------+----------+------------+
    |  Clock | Target| Estimated| Uncertainty|
    +--------+-------+----------+------------+
    |ap_clk  |  10.00|     3.735|        1.25|
    +--------+-------+----------+------------+

+ Latency (clock cycles): 
    * Summary: 
    +-----+-----+-----+-----+---------+
    |  Latency  |  Interval | Pipeline|
    | min | max | min | max |   Type  |
    +-----+-----+-----+-----+---------+
    |    0|    0|    0|    0|   none  |
    +-----+-----+-----+-----+---------+

    + Detail: 
        * Instance: 
        N/A

        * Loop: 
        N/A



================================================================
== Utilization Estimates
================================================================
* Summary: 
+-----------------+---------+-------+--------+-------+-----+
|       Name      | BRAM_18K| DSP48E|   FF   |  LUT  | URAM|
+-----------------+---------+-------+--------+-------+-----+
|DSP              |        -|      -|       -|      -|    -|
|Expression       |        -|      -|       0|    338|    -|
|FIFO             |        -|      -|       -|      -|    -|
|Instance         |        -|      -|       -|      -|    -|
|Memory           |        -|      -|       -|      -|    -|
|Multiplexer      |        -|      -|       -|      -|    -|
|Register         |        -|      -|       -|      -|    -|
+-----------------+---------+-------+--------+-------+-----+
|Total            |        0|      0|       0|    338|    0|
+-----------------+---------+-------+--------+-------+-----+
|Available        |      432|    360|  141120|  70560|    0|
+-----------------+---------+-------+--------+-------+-----+
|Utilization (%)  |        0|      0|       0|   ~0  |    0|
+-----------------+---------+-------+--------+-------+-----+

+ Detail: 
    * Instance: 
    N/A

    * DSP48: 
    N/A

    * Memory: 
    N/A

    * FIFO: 
    N/A

    * Expression: 
    +------------------------------+----------+-------+---+----+------------+------------+
    |         Variable Name        | Operation| DSP48E| FF| LUT| Bitwidth P0| Bitwidth P1|
    +------------------------------+----------+-------+---+----+------------+------------+
    |or_cond2_fu_130_p2            |    and   |      0|  0|   2|           1|           1|
    |sel_tmp1_fu_238_p2            |    and   |      0|  0|   2|           1|           1|
    |sel_tmp2_fu_244_p2            |    and   |      0|  0|   2|           1|           1|
    |sel_tmp4_fu_296_p2            |    and   |      0|  0|   2|           1|           1|
    |sel_tmp6_demorgan_fu_258_p2   |    and   |      0|  0|   2|           1|           1|
    |sel_tmp7_fu_270_p2            |    and   |      0|  0|   2|           1|           1|
    |tmp1_fu_118_p2                |    and   |      0|  0|   2|           1|           1|
    |tmp2_fu_124_p2                |    and   |      0|  0|   2|           1|           1|
    |tmp_7_demorgan_fu_148_p2      |    and   |      0|  0|   2|           1|           1|
    |tmp_9_demorgan_fu_166_p2      |    and   |      0|  0|   2|           1|           1|
    |tmp_1_i1_fu_160_p2            |   icmp   |      0|  0|  20|          23|           1|
    |tmp_1_i_fu_142_p2             |   icmp   |      0|  0|  20|          23|           1|
    |tmp_3_fu_100_p2               |   icmp   |      0|  0|  20|          23|           1|
    |tmp_4_fu_106_p2               |   icmp   |      0|  0|  11|           8|           1|
    |tmp_5_fu_112_p2               |   icmp   |      0|  0|  20|          23|           1|
    |tmp_fu_94_p2                  |   icmp   |      0|  0|  11|           8|           1|
    |tmp_i1_fu_154_p2              |   icmp   |      0|  0|  11|           8|           2|
    |tmp_i_fu_136_p2               |   icmp   |      0|  0|  11|           8|           2|
    |ymaggreater_fu_196_p2         |   icmp   |      0|  0|  20|          32|          32|
    |sel_tmp11_demorgan_fu_284_p2  |    or    |      0|  0|   2|           1|           1|
    |ap_return                     |  select  |      0|  0|  32|           1|          32|
    |p_s_fu_208_p3                 |  select  |      0|  0|   2|           1|           1|
    |res_1_fu_224_p3               |  select  |      0|  0|  32|           1|          32|
    |res_2_fu_250_p3               |  select  |      0|  0|  32|           1|          32|
    |res_4_fu_276_p3               |  select  |      0|  0|  32|           1|          32|
    |res_5_fu_302_p3               |  select  |      0|  0|  32|           1|          32|
    |ymaggreater2_fu_216_p3        |  select  |      0|  0|   2|           1|           1|
    |sel_tmp3_fu_290_p2            |    xor   |      0|  0|   2|           1|           2|
    |sel_tmp6_fu_264_p2            |    xor   |      0|  0|   2|           1|           2|
    |sel_tmp_fu_232_p2             |    xor   |      0|  0|   2|           1|           2|
    |ymaggreater_1_fu_202_p2       |    xor   |      0|  0|   2|           1|           2|
    +------------------------------+----------+-------+---+----+------------+------------+
    |Total                         |          |      0|  0| 338|         178|         223|
    +------------------------------+----------+-------+---+----+------------+------------+

    * Multiplexer: 
    N/A

    * Register: 
    N/A



================================================================
== Interface
================================================================
* Summary: 
+-----------+-----+-----+------------+---------------------+--------------+
| RTL Ports | Dir | Bits|  Protocol  |    Source Object    |    C Type    |
+-----------+-----+-----+------------+---------------------+--------------+
|ap_ready   | out |    1| ap_ctrl_hs | generic_fmax<float> | return value |
|ap_return  | out |   32| ap_ctrl_hs | generic_fmax<float> | return value |
|x          |  in |   32|   ap_none  |          x          |    scalar    |
|y          |  in |   32|   ap_none  |          y          |    scalar    |
+-----------+-----+-----+------------+---------------------+--------------+

