

================================================================
== Vivado HLS Report for 'LoopOracle'
================================================================
* Date:           Thu Apr  4 23:06:43 2019

* Version:        2018.3 (Build 2405991 on Thu Dec 06 23:56:15 MST 2018)
* Project:        CNN_Vivado
* Solution:       solution1
* Product family: zynquplus
* Target device:  xczu3eg-sbva484-1-e


================================================================
== Performance Estimates
================================================================
+ Timing (ns): 
    * Summary: 
    +--------+-------+----------+------------+
    |  Clock | Target| Estimated| Uncertainty|
    +--------+-------+----------+------------+
    |ap_clk  |  10.00|     8.286|        1.25|
    +--------+-------+----------+------------+

+ Latency (clock cycles): 
    * Summary: 
    +---------+---------+---------+---------+---------+
    |      Latency      |      Interval     | Pipeline|
    |   min   |   max   |   min   |   max   |   Type  |
    +---------+---------+---------+---------+---------+
    |  4086734|  4086734|  4086734|  4086734|   none  |
    +---------+---------+---------+---------+---------+

    + Detail: 
        * Instance: 
        +----------------------------------+----------------------+-----+-----+-----+-----+---------+
        |                                  |                      |  Latency  |  Interval | Pipeline|
        |             Instance             |        Module        | min | max | min | max |   Type  |
        +----------------------------------+----------------------+-----+-----+-----+-----+---------+
        |grp_generic_fmax_float_s_fu_1366  |generic_fmax_float_s  |    0|    0|    0|    0|   none  |
        +----------------------------------+----------------------+-----+-----+-----+-----+---------+

        * Loop: 
        +-----------------------------+---------+---------+----------+-----------+-----------+------+----------+
        |                             |      Latency      | Iteration|  Initiation Interval  | Trip |          |
        |          Loop Name          |   min   |   max   |  Latency |  achieved |   target  | Count| Pipelined|
        +-----------------------------+---------+---------+----------+-----------+-----------+------+----------+
        |- Conv1_CH_out_loop          |  1759804|  1759804|    879902|          -|          -|     2|    no    |
        | + Conv1_m_loop              |   879900|   879900|     11732|          -|          -|    75|    no    |
        |  ++ Conv1_n_loop            |    11730|    11730|        46|          -|          -|   255|    no    |
        |   +++ Conv1_i_loop          |       44|       44|        22|          -|          -|     2|    no    |
        |    ++++ Conv1_j_loop        |       20|       20|        10|          -|          -|     2|    no    |
        |- Loop 2                     |    76804|    76804|     38402|          -|          -|     2|    no    |
        | + Loop 2.1                  |    38400|    38400|       512|          -|          -|    75|    no    |
        |  ++ Loop 2.1.1              |      510|      510|         2|          -|          -|   255|    no    |
        |- Loop 3                     |   827324|   827324|    413662|          -|          -|     2|    no    |
        | + Loop 3.1                  |   413660|   413660|      5590|          -|          -|    74|    no    |
        |  ++ Loop 3.1.1              |     5588|     5588|        22|          -|          -|   254|    no    |
        |   +++ Loop 3.1.1.1          |       20|       20|        10|          -|          -|     2|    no    |
        |    ++++ Loop 3.1.1.1.1      |        8|        8|         2|          -|          -|     4|    no    |
        |- Conv2_CH_out_loop          |   839528|   839528|    209882|          -|          -|     4|    no    |
        | + Conv2_m_loop              |   209880|   209880|      5830|          -|          -|    36|    no    |
        |  ++ Conv2_n_loop            |     5828|     5828|        94|          -|          -|    62|    no    |
        |   +++ Conv2_i_loop          |       92|       92|        46|          -|          -|     2|    no    |
        |    ++++ Conv2_j_loop        |       44|       44|        22|          -|          -|     2|    no    |
        |     +++++ Conv2_CH_in_loop  |       20|       20|        10|          -|          -|     2|    no    |
        |- Loop 5                     |    18152|    18152|      4538|          -|          -|     4|    no    |
        | + Loop 5.1                  |     4536|     4536|       126|          -|          -|    36|    no    |
        |  ++ Loop 5.1.1              |      124|      124|         2|          -|          -|    62|    no    |
        |- Loop 6                     |   188168|   188168|     47042|          -|          -|     4|    no    |
        | + Loop 6.1                  |    47040|    47040|      1344|          -|          -|    35|    no    |
        |  ++ Loop 6.1.1              |     1342|     1342|        22|          -|          -|    61|    no    |
        |   +++ Loop 6.1.1.1          |       20|       20|        10|          -|          -|     2|    no    |
        |    ++++ Loop 6.1.1.1.1      |        8|        8|         2|          -|          -|     4|    no    |
        |- Conv3_CH_out_loop          |   331592|   331592|     41449|          -|          -|     8|    no    |
        | + Conv3_m_loop              |    41446|    41446|      2438|          -|          -|    17|    no    |
        |  ++ Conv3_n_loop            |     2436|     2436|       174|          -|          -|    14|    no    |
        |   +++ Conv3_i_loop          |      172|      172|        86|          -|          -|     2|    no    |
        |    ++++ Conv3_j_loop        |       84|       84|        42|          -|          -|     2|    no    |
        |     +++++ Conv3_CH_in_loop  |       40|       40|        10|          -|          -|     4|    no    |
        |- Loop 8                     |     4096|     4096|       512|          -|          -|     8|    no    |
        | + Loop 8.1                  |      510|      510|        30|          -|          -|    17|    no    |
        |  ++ Loop 8.1.1              |       28|       28|         2|          -|          -|    14|    no    |
        |- Loop 9                     |    36880|    36880|      4610|          -|          -|     8|    no    |
        | + Loop 9.1                  |     4608|     4608|       288|          -|          -|    16|    no    |
        |  ++ Loop 9.1.1              |      286|      286|        22|          -|          -|    13|    no    |
        |   +++ Loop 9.1.1.1          |       20|       20|        10|          -|          -|     2|    no    |
        |    ++++ Loop 9.1.1.1.1      |        8|        8|         2|          -|          -|     4|    no    |
        |- Loop 10                    |      528|      528|        66|          -|          -|     8|    no    |
        | + Loop 10.1                 |       64|       64|         8|          -|          -|     8|    no    |
        |  ++ Loop 10.1.1             |        6|        6|         2|          -|          -|     3|    no    |
        |- Loop 11                    |     3844|     3844|      1922|          -|          -|     2|    no    |
        | + Loop 11.1                 |     1920|     1920|        10|          -|          -|   192|    no    |
        |- Loop 12                    |        2|        2|         1|          -|          -|     2|    no    |
        +-----------------------------+---------+---------+----------+-----------+-----------+------+----------+



================================================================
== Utilization Estimates
================================================================
* Summary: 
+-----------------+---------+-------+--------+-------+-----+
|       Name      | BRAM_18K| DSP48E|   FF   |  LUT  | URAM|
+-----------------+---------+-------+--------+-------+-----+
|DSP              |        -|      -|       -|      -|    -|
|Expression       |        -|      -|       0|   2989|    -|
|FIFO             |        -|      -|       -|      -|    -|
|Instance         |        -|      5|     421|    756|    -|
|Memory           |      112|      -|      64|      8|    -|
|Multiplexer      |        -|      -|       -|   1587|    -|
|Register         |        -|      -|    2027|      -|    -|
+-----------------+---------+-------+--------+-------+-----+
|Total            |      112|      5|    2512|   5340|    0|
+-----------------+---------+-------+--------+-------+-----+
|Available        |      432|    360|  141120|  70560|    0|
+-----------------+---------+-------+--------+-------+-----+
|Utilization (%)  |       25|      1|       1|      7|    0|
+-----------------+---------+-------+--------+-------+-----+

+ Detail: 
    * Instance: 
    +----------------------------------------------+-------------------------------------------+---------+-------+-----+-----+
    |                   Instance                   |                   Module                  | BRAM_18K| DSP48E|  FF | LUT |
    +----------------------------------------------+-------------------------------------------+---------+-------+-----+-----+
    |LoopOracle_fadd_32ns_32ns_32_4_full_dsp_1_U3  |LoopOracle_fadd_32ns_32ns_32_4_full_dsp_1  |        0|      2|  227|  214|
    |LoopOracle_fcmp_32ns_32ns_1_1_1_U5            |LoopOracle_fcmp_32ns_32ns_1_1_1            |        0|      0|   66|   66|
    |LoopOracle_fmul_32ns_32ns_32_3_max_dsp_1_U4   |LoopOracle_fmul_32ns_32ns_32_3_max_dsp_1   |        0|      3|  128|  138|
    |grp_generic_fmax_float_s_fu_1366              |generic_fmax_float_s                       |        0|      0|    0|  338|
    +----------------------------------------------+-------------------------------------------+---------+-------+-----+-----+
    |Total                                         |                                           |        0|      5|  421|  756|
    +----------------------------------------------+-------------------------------------------+---------+-------+-----+-----+

    * DSP48: 
    N/A

    * Memory: 
    +---------------+-----------------------+---------+----+----+-------+-----+------+-------------+
    |     Memory    |         Module        | BRAM_18K| FF | LUT| Words | Bits| Banks| W*Bits*Banks|
    +---------------+-----------------------+---------+----+----+-------+-----+------+-------------+
    |C1W1_0_U       |LoopOracle_C1W1_0      |        0|  32|   4|      8|   32|     1|          256|
    |C2W2_U         |LoopOracle_C2W2        |        1|   0|   0|     32|   32|     1|         1024|
    |C3B4_U         |LoopOracle_C3B4        |        0|  32|   4|      8|   32|     1|          256|
    |C3W3_U         |LoopOracle_C3W3        |        1|   0|   0|    128|   32|     1|         4096|
    |DataOutC1_U    |LoopOracle_DataOutC1   |       70|   0|   0|  38250|   32|     1|      1224000|
    |DataOutC2_U    |LoopOracle_DataOutC2   |       18|   0|   0|   8928|   32|     1|       285696|
    |DataOutC3_U    |LoopOracle_DataOutC3   |        4|   0|   0|   1904|   32|     1|        60928|
    |DataOutMP1_U   |LoopOracle_DataOutMP1  |       11|   0|   0|   4662|   32|     1|       149184|
    |DataOutMP2_U   |LoopOracle_DataOutMP2  |        4|   0|   0|   1080|   32|     1|        34560|
    |DataOutMP3_U   |LoopOracle_DataOutMP3  |        1|   0|   0|    192|   32|     1|         6144|
    |dataOutView_U  |LoopOracle_DataOutMP3  |        1|   0|   0|    192|   32|     1|         6144|
    |FCW5_U         |LoopOracle_FCW5        |        1|   0|   0|    384|   32|     1|        12288|
    +---------------+-----------------------+---------+----+----+-------+-----+------+-------------+
    |Total          |                       |      112|  64|   8|  55768|  384|    12|      1784576|
    +---------------+-----------------------+---------+----+----+-------+-----+------+-------------+

    * FIFO: 
    N/A

    * Expression: 
    +-------------------------------+----------+-------+---+----+------------+------------+
    |         Variable Name         | Operation| DSP48E| FF| LUT| Bitwidth P0| Bitwidth P1|
    +-------------------------------+----------+-------+---+----+------------+------------+
    |i_11_fu_3098_p2                |     +    |      0|  0|  15|           5|           1|
    |i_12_fu_2761_p2                |     +    |      0|  0|   9|           2|           1|
    |i_13_fu_3523_p2                |     +    |      0|  0|   9|           2|           1|
    |i_1_fu_2261_p2                 |     +    |      0|  0|  11|           3|           1|
    |i_2_fu_1762_p2                 |     +    |      0|  0|  15|           7|           1|
    |i_3_fu_1554_p2                 |     +    |      0|  0|   9|           2|           1|
    |i_4_fu_2457_p2                 |     +    |      0|  0|  15|           6|           1|
    |i_5_fu_2110_p2                 |     +    |      0|  0|   9|           2|           1|
    |i_6_fu_2932_p2                 |     +    |      0|  0|  12|           4|           1|
    |i_7_fu_3276_p2                 |     +    |      0|  0|  12|           4|           1|
    |i_8_fu_3392_p2                 |     +    |      0|  0|   9|           2|           1|
    |i_fu_1643_p2                   |     +    |      0|  0|   9|           2|           1|
    |in_1_fu_2817_p2                |     +    |      0|  0|  11|           3|           1|
    |in_fu_2166_p2                  |     +    |      0|  0|   9|           2|           1|
    |j_11_fu_3147_p2                |     +    |      0|  0|  12|           4|           1|
    |j_12_fu_2791_p2                |     +    |      0|  0|   9|           2|           1|
    |j_1_fu_2303_p2                 |     +    |      0|  0|  15|           6|           1|
    |j_2_fu_1810_p2                 |     +    |      0|  0|  15|           8|           1|
    |j_3_fu_1593_p2                 |     +    |      0|  0|   9|           2|           1|
    |j_4_fu_2504_p2                 |     +    |      0|  0|  15|           6|           1|
    |j_5_fu_2140_p2                 |     +    |      0|  0|   9|           2|           1|
    |j_6_fu_2966_p2                 |     +    |      0|  0|  15|           5|           1|
    |j_7_fu_3306_p2                 |     +    |      0|  0|  12|           4|           1|
    |j_8_fu_3468_p2                 |     +    |      0|  0|  15|           8|           1|
    |j_fu_1655_p2                   |     +    |      0|  0|  15|           7|           1|
    |k_1_fu_1750_p2                 |     +    |      0|  0|   9|           2|           1|
    |k_2_fu_1699_p2                 |     +    |      0|  0|  15|           8|           1|
    |k_3_fu_2385_p2                 |     +    |      0|  0|  11|           3|           1|
    |k_4_fu_2350_p2                 |     +    |      0|  0|  15|           6|           1|
    |k_5_fu_3052_p2                 |     +    |      0|  0|  12|           4|           1|
    |k_6_fu_3017_p2                 |     +    |      0|  0|  12|           4|           1|
    |k_7_fu_3355_p2                 |     +    |      0|  0|   9|           2|           1|
    |l_3_fu_3282_p2                 |     +    |      0|  0|  15|           8|           5|
    |m_1_fu_1480_p2                 |     +    |      0|  0|  15|           7|           1|
    |m_2_fu_2033_p2                 |     +    |      0|  0|  15|           6|           1|
    |m_3_fu_1848_p2                 |     +    |      0|  0|   9|           2|           1|
    |m_4_fu_2680_p2                 |     +    |      0|  0|  15|           5|           1|
    |m_5_fu_2542_p2                 |     +    |      0|  0|   9|           2|           1|
    |m_6_fu_3185_p2                 |     +    |      0|  0|   9|           2|           1|
    |n_1_fu_1524_p2                 |     +    |      0|  0|  15|           8|           1|
    |n_2_fu_2080_p2                 |     +    |      0|  0|  15|           6|           1|
    |n_3_fu_1896_p2                 |     +    |      0|  0|  11|           3|           1|
    |n_4_fu_2731_p2                 |     +    |      0|  0|  12|           4|           1|
    |n_5_fu_2598_p2                 |     +    |      0|  0|  11|           3|           1|
    |n_6_fu_3245_p2                 |     +    |      0|  0|  11|           3|           1|
    |next_mul1_fu_1631_p2           |     +    |      0|  0|  15|           8|           7|
    |next_mul2_fu_1732_p2           |     +    |      0|  0|  15|           7|           6|
    |next_mul3_fu_1738_p2           |     +    |      0|  0|  15|           8|           7|
    |next_mul4_fu_2212_p2           |     +    |      0|  0|  15|           7|           6|
    |next_mul_fu_1432_p2            |     +    |      0|  0|  15|           8|           7|
    |out_1_fu_1444_p2               |     +    |      0|  0|   9|           2|           1|
    |out_2_fu_1927_p2               |     +    |      0|  0|  11|           3|           1|
    |out_3_fu_2629_p2               |     +    |      0|  0|  12|           4|           1|
    |tmp_106_fu_3380_p2             |     +    |      0|  0|  15|           8|           1|
    |tmp_107_fu_3191_p2             |     +    |      0|  0|  15|           5|           5|
    |tmp_108_fu_2360_p2             |     +    |      0|  0|  22|          15|          15|
    |tmp_109_fu_1911_p2             |     +    |      0|  0|  24|          17|          17|
    |tmp_112_fu_3251_p2             |     +    |      0|  0|  15|           6|           6|
    |tmp_114_fu_2954_p2             |     +    |      0|  0|  16|           9|           9|
    |tmp_115_fu_2690_p2             |     +    |      0|  0|  16|           9|           9|
    |tmp_119_fu_2514_p2             |     +    |      0|  0|  19|          12|          12|
    |tmp_11_fu_1534_p2              |     +    |      0|  0|  24|          17|          17|
    |tmp_121_fu_3074_p2             |     +    |      0|  0|  16|           9|           9|
    |tmp_123_fu_2976_p2             |     +    |      0|  0|  16|           9|           9|
    |tmp_127_fu_2741_p2             |     +    |      0|  0|  19|          12|          12|
    |tmp_128_fu_2557_p2             |     +    |      0|  0|  16|           9|           9|
    |tmp_131_fu_2176_p2             |     +    |      0|  0|  15|           5|           5|
    |tmp_133_fu_2189_p2             |     +    |      0|  0|  15|           6|           6|
    |tmp_134_fu_2202_p2             |     +    |      0|  0|  15|           7|           7|
    |tmp_135_fu_2218_p2             |     +    |      0|  0|  15|           7|           7|
    |tmp_138_fu_2245_p2             |     +    |      0|  0|  20|          14|          14|
    |tmp_140_fu_3108_p2             |     +    |      0|  0|  15|           8|           8|
    |tmp_144_fu_3027_p2             |     +    |      0|  0|  19|          12|          12|
    |tmp_145_fu_2613_p2             |     +    |      0|  0|  22|          15|          15|
    |tmp_150_fu_3322_p2             |     +    |      0|  0|  15|           8|           8|
    |tmp_153_fu_3157_p2             |     +    |      0|  0|  16|           9|           9|
    |tmp_155_fu_3483_p2             |     +    |      0|  0|  17|          10|          10|
    |tmp_156_fu_3365_p2             |     +    |      0|  0|  16|           9|           9|
    |tmp_157_fu_3200_p2             |     +    |      0|  0|  16|           9|           9|
    |tmp_161_fu_2827_p2             |     +    |      0|  0|  15|           7|           7|
    |tmp_163_fu_2840_p2             |     +    |      0|  0|  15|           8|           8|
    |tmp_164_fu_2853_p2             |     +    |      0|  0|  16|           9|           9|
    |tmp_167_fu_2887_p2             |     +    |      0|  0|  20|           8|           8|
    |tmp_168_fu_2893_p2             |     +    |      0|  0|  20|           8|           8|
    |tmp_170_fu_2916_p2             |     +    |      0|  0|  20|          12|          12|
    |tmp_171_fu_3260_p2             |     +    |      0|  0|  19|          12|          12|
    |tmp_21_fu_1560_p2              |     +    |      0|  0|  15|           7|           7|
    |tmp_22_fu_1969_p2              |     +    |      0|  0|  16|           9|           9|
    |tmp_27_fu_1768_p2              |     +    |      0|  0|  15|           7|           7|
    |tmp_2_fu_1665_p2               |     +    |      0|  0|  15|           8|           8|
    |tmp_30_fu_1599_p2              |     +    |      0|  0|  15|           8|           8|
    |tmp_34_fu_1709_p2              |     +    |      0|  0|  24|          17|          17|
    |tmp_35_fu_1570_p2              |     +    |      0|  0|  12|           4|           4|
    |tmp_38_fu_1854_p2              |     +    |      0|  0|  15|           8|           8|
    |tmp_42_fu_2291_p2              |     +    |      0|  0|  16|           9|           9|
    |tmp_46_fu_2043_p2              |     +    |      0|  0|  16|           9|           9|
    |tmp_50_fu_2116_p2              |     +    |      0|  0|  15|           6|           6|
    |tmp_51_fu_1820_p2              |     +    |      0|  0|  21|          14|          14|
    |tmp_53_fu_1902_p2              |     +    |      0|  0|  17|          10|          10|
    |tmp_58_fu_1621_p2              |     +    |      0|  0|  15|           5|           5|
    |tmp_62_fu_2146_p2              |     +    |      0|  0|  15|           6|           6|
    |tmp_64_fu_2415_p2              |     +    |      0|  0|  16|           9|           9|
    |tmp_69_fu_2445_p2              |     +    |      0|  0|  15|           8|           8|
    |tmp_70_fu_2548_p2              |     +    |      0|  0|  15|           7|           7|
    |tmp_71_fu_2313_p2              |     +    |      0|  0|  16|           9|           9|
    |tmp_80_fu_2090_p2              |     +    |      0|  0|  22|          15|          15|
    |tmp_82_fu_2767_p2              |     +    |      0|  0|  15|           5|           5|
    |tmp_83_fu_1863_p2              |     +    |      0|  0|  16|           9|           9|
    |tmp_85_fu_2604_p2              |     +    |      0|  0|  15|           8|           8|
    |tmp_91_fu_3312_p2              |     +    |      0|  0|  15|           2|           8|
    |tmp_95_fu_2797_p2              |     +    |      0|  0|  12|           4|           4|
    |tmp_96_fu_2668_p2              |     +    |      0|  0|  16|           9|           9|
    |tmp_97_fu_2467_p2              |     +    |      0|  0|  15|           8|           8|
    |tmp_s_fu_1490_p2               |     +    |      0|  0|  15|           8|           8|
    |tmp_104_fu_2484_p2             |     -    |      0|  0|  19|          12|          12|
    |tmp_118_fu_2719_p2             |     -    |      0|  0|  19|          12|          12|
    |tmp_126_fu_3005_p2             |     -    |      0|  0|  19|          12|          12|
    |tmp_130_fu_2582_p2             |     -    |      0|  0|  22|          15|          15|
    |tmp_137_fu_2239_p2             |     -    |      0|  0|  20|          14|          14|
    |tmp_142_fu_3129_p2             |     -    |      0|  0|  16|           9|           9|
    |tmp_148_fu_3418_p2             |     -    |      0|  0|  17|          10|          10|
    |tmp_152_fu_3343_p2             |     -    |      0|  0|  16|           9|           9|
    |tmp_160_fu_3229_p2             |     -    |      0|  0|  19|          12|          12|
    |tmp_169_fu_2910_p2             |     -    |      0|  0|  20|          12|          12|
    |tmp_1_fu_1512_p2               |     -    |      0|  0|  24|          17|          17|
    |tmp_32_fu_1790_p2              |     -    |      0|  0|  21|          14|          14|
    |tmp_49_fu_2068_p2              |     -    |      0|  0|  22|          15|          15|
    |tmp_4_fu_1687_p2               |     -    |      0|  0|  24|          17|          17|
    |tmp_77_fu_2338_p2              |     -    |      0|  0|  22|          15|          15|
    |tmp_86_fu_1880_p2              |     -    |      0|  0|  24|          17|          17|
    |exitcond10_fu_3046_p2          |   icmp   |      0|  0|  11|           4|           5|
    |exitcond11_fu_3011_p2          |   icmp   |      0|  0|   9|           4|           3|
    |exitcond12_fu_2960_p2          |   icmp   |      0|  0|  11|           5|           5|
    |exitcond13_fu_2926_p2          |   icmp   |      0|  0|  11|           4|           5|
    |exitcond14_fu_2811_p2          |   icmp   |      0|  0|   9|           3|           4|
    |exitcond15_fu_2785_p2          |   icmp   |      0|  0|   9|           2|           3|
    |exitcond16_fu_2755_p2          |   icmp   |      0|  0|   9|           2|           3|
    |exitcond17_fu_2725_p2          |   icmp   |      0|  0|   9|           4|           3|
    |exitcond18_fu_2674_p2          |   icmp   |      0|  0|  11|           5|           5|
    |exitcond19_fu_2623_p2          |   icmp   |      0|  0|  11|           4|           5|
    |exitcond1_fu_3462_p2           |   icmp   |      0|  0|  11|           8|           8|
    |exitcond20_fu_2592_p2          |   icmp   |      0|  0|   9|           3|           4|
    |exitcond21_fu_2536_p2          |   icmp   |      0|  0|   9|           2|           3|
    |exitcond22_fu_2498_p2          |   icmp   |      0|  0|  11|           6|           3|
    |exitcond23_fu_2451_p2          |   icmp   |      0|  0|  11|           6|           6|
    |exitcond24_fu_2379_p2          |   icmp   |      0|  0|   9|           3|           4|
    |exitcond25_fu_2344_p2          |   icmp   |      0|  0|  11|           6|           3|
    |exitcond26_fu_2297_p2          |   icmp   |      0|  0|  11|           6|           6|
    |exitcond27_fu_2255_p2          |   icmp   |      0|  0|   9|           3|           4|
    |exitcond28_fu_2160_p2          |   icmp   |      0|  0|   9|           2|           3|
    |exitcond29_fu_2134_p2          |   icmp   |      0|  0|   9|           2|           3|
    |exitcond2_fu_3386_p2           |   icmp   |      0|  0|   9|           2|           3|
    |exitcond30_fu_2104_p2          |   icmp   |      0|  0|   9|           2|           3|
    |exitcond31_fu_2074_p2          |   icmp   |      0|  0|  11|           6|           3|
    |exitcond32_fu_2027_p2          |   icmp   |      0|  0|  11|           6|           6|
    |exitcond33_fu_1921_p2          |   icmp   |      0|  0|   9|           3|           4|
    |exitcond34_fu_1890_p2          |   icmp   |      0|  0|   9|           3|           4|
    |exitcond35_fu_1842_p2          |   icmp   |      0|  0|   9|           2|           3|
    |exitcond36_fu_1804_p2          |   icmp   |      0|  0|  11|           8|           3|
    |exitcond37_fu_1756_p2          |   icmp   |      0|  0|  11|           7|           7|
    |exitcond38_fu_1744_p2          |   icmp   |      0|  0|   9|           2|           3|
    |exitcond39_fu_1693_p2          |   icmp   |      0|  0|  11|           8|           2|
    |exitcond3_fu_3349_p2           |   icmp   |      0|  0|   8|           2|           2|
    |exitcond40_fu_1649_p2          |   icmp   |      0|  0|  11|           7|           7|
    |exitcond41_fu_1637_p2          |   icmp   |      0|  0|   9|           2|           3|
    |exitcond42_fu_1438_p2          |   icmp   |      0|  0|   9|           2|           3|
    |exitcond43_fu_1587_p2          |   icmp   |      0|  0|   9|           2|           3|
    |exitcond44_fu_1548_p2          |   icmp   |      0|  0|   9|           2|           3|
    |exitcond45_fu_1518_p2          |   icmp   |      0|  0|  11|           8|           2|
    |exitcond46_fu_1474_p2          |   icmp   |      0|  0|  11|           7|           7|
    |exitcond4_fu_3300_p2           |   icmp   |      0|  0|  11|           4|           5|
    |exitcond5_fu_3270_p2           |   icmp   |      0|  0|  11|           4|           5|
    |exitcond6_fu_3239_p2           |   icmp   |      0|  0|   9|           3|           4|
    |exitcond7_fu_3179_p2           |   icmp   |      0|  0|   9|           2|           3|
    |exitcond8_fu_3141_p2           |   icmp   |      0|  0|   9|           4|           3|
    |exitcond9_fu_3092_p2           |   icmp   |      0|  0|  11|           5|           6|
    |exitcond_fu_3517_p2            |   icmp   |      0|  0|   9|           2|           3|
    |tmp_2_i_fu_1993_p2             |   icmp   |      0|  0|   8|           2|           1|
    |tmp_4_i_fu_1999_p2             |   icmp   |      0|  0|   9|           2|           3|
    |tmp_i1_fu_1979_p2              |   icmp   |      0|  0|   8|           2|           1|
    |tmp_26_fu_2013_p2              |    or    |      0|  0|   2|           1|           1|
    |C1B_load_phi_fu_1466_p3        |  select  |      0|  0|  30|           1|          30|
    |dataOut_0_2_fu_3542_p3         |  select  |      0|  0|  32|           1|          32|
    |dataOut_0_fu_3428_p3           |  select  |      0|  0|  30|           1|          30|
    |dataOut_1_1_fu_3436_p3         |  select  |      0|  0|  32|           1|          32|
    |dataOut_1_2_fu_3444_p3         |  select  |      0|  0|  32|           1|          30|
    |dataOut_1_4_157_fu_3550_p3     |  select  |      0|  0|  32|           1|          32|
    |dataOut_1_5_fu_3558_p3         |  select  |      0|  0|  32|           1|          32|
    |dataOut_1_7_fu_3493_p3         |  select  |      0|  0|  32|           1|          32|
    |dataOut_1_8_fu_3500_p3         |  select  |      0|  0|  32|           1|          32|
    |dataOut_load_2_phi_fu_3533_p3  |  select  |      0|  0|  32|           1|          32|
    |merge_i_fu_2019_p3             |  select  |      0|  0|  32|           1|          32|
    |tmp_1_i_fu_1985_p3             |  select  |      0|  0|  32|           1|          32|
    |tmp_24_fu_1719_p3              |  select  |      0|  0|  32|           1|          32|
    |tmp_3_i_fu_2005_p3             |  select  |      0|  0|  32|           1|          32|
    |tmp_56_fu_2370_p3              |  select  |      0|  0|  32|           1|          32|
    |tmp_87_fu_3037_p3              |  select  |      0|  0|  32|           1|          32|
    +-------------------------------+----------+-------+---+----+------------+------------+
    |Total                          |          |      0|  0|2989|        1207|        1544|
    +-------------------------------+----------+-------+---+----+------------+------------+

    * Multiplexer: 
    +------------------------------------+-----+-----------+-----+-----------+
    |                Name                | LUT | Input Size| Bits| Total Bits|
    +------------------------------------+-----+-----------+-----+-----------+
    |CnnOut_address1                     |   15|          3|    1|          3|
    |CnnOut_d0                           |   15|          3|   32|         96|
    |CnnOut_d1                           |   15|          3|   32|         96|
    |DataOutC1_address0                  |   33|          6|   16|         96|
    |DataOutC1_d0                        |   21|          4|   32|        128|
    |DataOutC2_address0                  |   33|          6|   14|         84|
    |DataOutC2_d0                        |   21|          4|   32|        128|
    |DataOutC3_address0                  |   33|          6|   11|         66|
    |DataOutC3_d0                        |   21|          4|   32|        128|
    |DataOutMP1_address0                 |   21|          4|   13|         52|
    |DataOutMP1_d0                       |   15|          3|   32|         96|
    |DataOutMP2_address0                 |   21|          4|   11|         44|
    |DataOutMP2_d0                       |   15|          3|   32|         96|
    |DataOutMP3_address0                 |   21|          4|    8|         32|
    |DataOutMP3_d0                       |   15|          3|   32|         96|
    |ap_NS_fsm                           |  405|         93|    1|         93|
    |dataOutView_address0                |   15|          3|    8|         24|
    |dataOut_0_4_reg_1337                |    9|          2|   32|         64|
    |dataOut_1_3_fu_280                  |    9|          2|   32|         64|
    |dataOut_1_4_reg_1346                |    9|          2|   32|         64|
    |dataOut_1_fu_276                    |    9|          2|   32|         64|
    |grp_fu_1381_p1                      |   27|          5|   32|        160|
    |grp_fu_1389_p0                      |   27|          5|   32|        160|
    |grp_fu_1389_p1                      |   27|          5|   32|        160|
    |grp_fu_1393_opcode                  |   15|          3|    5|         15|
    |grp_fu_1393_p0                      |   33|          6|   32|        192|
    |grp_fu_1393_p1                      |   15|          3|   32|         96|
    |grp_generic_fmax_float_s_fu_1366_x  |   21|          4|   32|        128|
    |grp_generic_fmax_float_s_fu_1366_y  |   21|          4|   32|        128|
    |i10_reg_1170                        |    9|          2|    5|         10|
    |i11_reg_1069                        |    9|          2|    2|          4|
    |i12_reg_1355                        |    9|          2|    2|          4|
    |i1_reg_651                          |    9|          2|    2|          4|
    |i2_reg_617                          |    9|          2|    2|          4|
    |i3_reg_911                          |    9|          2|    3|          6|
    |i4_reg_730                          |    9|          2|    7|         14|
    |i5_reg_1305                         |    9|          2|    2|          4|
    |i6_reg_955                          |    9|          2|    6|         12|
    |i7_reg_843                          |    9|          2|    2|          4|
    |i8_reg_1126                         |    9|          2|    4|          8|
    |i9_reg_1238                         |    9|          2|    4|          8|
    |in2_reg_889                         |    9|          2|    2|          4|
    |in3_reg_1115                        |    9|          2|    3|          6|
    |j10_reg_1181                        |    9|          2|    4|          8|
    |j11_reg_1092                        |    9|          2|    2|          4|
    |j1_reg_640                          |    9|          2|    2|          4|
    |j2_reg_674                          |    9|          2|    7|         14|
    |j3_reg_922                          |    9|          2|    6|         12|
    |j4_reg_1326                         |    9|          2|    8|         16|
    |j5_reg_741                          |    9|          2|    8|         16|
    |j6_reg_966                          |    9|          2|    6|         12|
    |j7_reg_866                          |    9|          2|    2|          4|
    |j8_reg_1137                         |    9|          2|    5|         10|
    |j9_reg_1261                         |    9|          2|    4|          8|
    |k3_reg_696                          |    9|          2|    2|          4|
    |k4_reg_944                          |    9|          2|    3|          6|
    |k5_reg_933                          |    9|          2|    6|         12|
    |k6_reg_1159                         |    9|          2|    4|          8|
    |k7_reg_1148                         |    9|          2|    4|          8|
    |k8_reg_1283                         |    9|          2|    2|          4|
    |k_reg_685                           |    9|          2|    8|         16|
    |l_1_reg_1272                        |    9|          2|    8|         16|
    |l_2_reg_1294                        |    9|          2|    8|         16|
    |l_reg_1249                          |    9|          2|    8|         16|
    |m4_reg_1035                         |    9|          2|    5|         10|
    |m5_reg_989                          |    9|          2|    2|          4|
    |m6_reg_764                          |    9|          2|    2|          4|
    |m7_reg_1204                         |    9|          2|    2|          4|
    |m9_reg_809                          |    9|          2|    6|         12|
    |m_reg_583                           |    9|          2|    7|         14|
    |n2_reg_821                          |    9|          2|    6|         12|
    |n4_reg_1047                         |    9|          2|    4|          8|
    |n5_reg_1012                         |    9|          2|    3|          6|
    |n6_reg_1227                         |    9|          2|    3|          6|
    |n7_reg_787                          |    9|          2|    3|          6|
    |n_reg_595                           |    9|          2|    8|         16|
    |out3_reg_1023                       |    9|          2|    4|          8|
    |out8_reg_798                        |    9|          2|    3|          6|
    |out_reg_560                         |    9|          2|    2|          4|
    |phi_mul1_reg_662                    |    9|          2|    8|         16|
    |phi_mul2_reg_707                    |    9|          2|    8|         16|
    |phi_mul3_reg_718                    |    9|          2|    7|         14|
    |phi_mul4_reg_900                    |    9|          2|    7|         14|
    |phi_mul_reg_571                     |    9|          2|    8|         16|
    |tmp_100_reg_1103                    |    9|          2|   32|         64|
    |tmp_13_reg_607                      |    9|          2|   32|         64|
    |tmp_25_reg_628                      |    9|          2|   32|         64|
    |tmp_33_reg_752                      |    9|          2|   32|         64|
    |tmp_43_reg_833                      |    9|          2|   32|         64|
    |tmp_57_reg_854                      |    9|          2|   32|         64|
    |tmp_65_reg_977                      |    9|          2|   32|         64|
    |tmp_66_reg_877                      |    9|          2|   32|         64|
    |tmp_75_reg_1059                     |    9|          2|   32|         64|
    |tmp_89_reg_1080                     |    9|          2|   32|         64|
    |tmp_98_reg_1316                     |    9|          2|   32|         64|
    |tmp_99_reg_1192                     |    9|          2|   32|         64|
    |x_assign_1_reg_1000                 |    9|          2|   32|         64|
    |x_assign_2_reg_1215                 |    9|          2|   32|         64|
    |x_assign_reg_775                    |    9|          2|   32|         64|
    +------------------------------------+-----+-----------+-----+-----------+
    |Total                               | 1587|        339| 1427|       4115|
    +------------------------------------+-----+-----------+-----+-----------+

    * Register: 
    +---------------------------+----+----+-----+-----------+
    |            Name           | FF | LUT| Bits| Const Bits|
    +---------------------------+----+----+-----+-----------+
    |C1B_load_phi_reg_3584      |  16|   0|   32|         16|
    |C1W1_0_load_reg_3657       |  32|   0|   32|          0|
    |C2W2_load_reg_3900         |  32|   0|   32|          0|
    |C3B4_load_reg_4047         |  32|   0|   32|          0|
    |C3W3_load_reg_4138         |  32|   0|   32|          0|
    |DataInTr_load_reg_3652     |  32|   0|   32|          0|
    |DataOutC1_addr_1_reg_3696  |  16|   0|   16|          0|
    |DataOutC1_addr_reg_3611    |  16|   0|   16|          0|
    |DataOutC2_addr_1_reg_3939  |  14|   0|   14|          0|
    |DataOutC2_addr_reg_3831    |  14|   0|   14|          0|
    |DataOutC3_addr_1_reg_4177  |  11|   0|   11|          0|
    |DataOutC3_addr_reg_4074    |  11|   0|   11|          0|
    |DataOutMP1_addr_reg_3750   |  13|   0|   13|          0|
    |DataOutMP1_load_reg_3895   |  32|   0|   32|          0|
    |DataOutMP2_addr_reg_3988   |  11|   0|   11|          0|
    |DataOutMP2_load_reg_4133   |  32|   0|   32|          0|
    |DataOutMP3_addr_reg_4226   |   8|   0|    8|          0|
    |FCW5_load_reg_4387         |  32|   0|   32|          0|
    |ap_CS_fsm                  |  92|   0|   92|          0|
    |dataOutView_load_reg_4382  |  32|   0|   32|          0|
    |dataOut_0_4_reg_1337       |  32|   0|   32|          0|
    |dataOut_1_3_fu_280         |  32|   0|   32|          0|
    |dataOut_1_4_reg_1346       |  32|   0|   32|          0|
    |dataOut_1_fu_276           |  32|   0|   32|          0|
    |i10_reg_1170               |   5|   0|    5|          0|
    |i11_reg_1069               |   2|   0|    2|          0|
    |i12_reg_1355               |   2|   0|    2|          0|
    |i1_reg_651                 |   2|   0|    2|          0|
    |i2_reg_617                 |   2|   0|    2|          0|
    |i3_reg_911                 |   3|   0|    3|          0|
    |i4_reg_730                 |   7|   0|    7|          0|
    |i5_reg_1305                |   2|   0|    2|          0|
    |i6_reg_955                 |   6|   0|    6|          0|
    |i7_reg_843                 |   2|   0|    2|          0|
    |i8_reg_1126                |   4|   0|    4|          0|
    |i9_reg_1238                |   4|   0|    4|          0|
    |i_11_reg_4203              |   5|   0|    5|          0|
    |i_12_reg_4082              |   2|   0|    2|          0|
    |i_1_reg_3908               |   3|   0|    3|          0|
    |i_2_reg_3727               |   7|   0|    7|          0|
    |i_3_reg_3619               |   2|   0|    2|          0|
    |i_4_reg_3965               |   6|   0|    6|          0|
    |i_5_reg_3839               |   2|   0|    2|          0|
    |i_6_reg_4146               |   4|   0|    4|          0|
    |i_7_reg_4265               |   4|   0|    4|          0|
    |i_8_reg_4343               |   2|   0|    2|          0|
    |i_reg_3670                 |   2|   0|    2|          0|
    |in2_reg_889                |   2|   0|    2|          0|
    |in3_reg_1115               |   3|   0|    3|          0|
    |in_1_reg_4118              |   3|   0|    3|          0|
    |in_reg_3875                |   2|   0|    2|          0|
    |j10_reg_1181               |   4|   0|    4|          0|
    |j11_reg_1092               |   2|   0|    2|          0|
    |j1_reg_640                 |   2|   0|    2|          0|
    |j2_reg_674                 |   7|   0|    7|          0|
    |j3_reg_922                 |   6|   0|    6|          0|
    |j4_reg_1326                |   8|   0|    8|          0|
    |j5_reg_741                 |   8|   0|    8|          0|
    |j6_reg_966                 |   6|   0|    6|          0|
    |j7_reg_866                 |   2|   0|    2|          0|
    |j8_reg_1137                |   5|   0|    5|          0|
    |j9_reg_1261                |   4|   0|    4|          0|
    |j_11_reg_4221              |   4|   0|    4|          0|
    |j_12_reg_4100              |   2|   0|    2|          0|
    |j_1_reg_3921               |   6|   0|    6|          0|
    |j_2_reg_3745               |   8|   0|    8|          0|
    |j_3_reg_3637               |   2|   0|    2|          0|
    |j_4_reg_3983               |   6|   0|    6|          0|
    |j_5_reg_3857               |   2|   0|    2|          0|
    |j_6_reg_4159               |   5|   0|    5|          0|
    |j_7_reg_4297               |   4|   0|    4|          0|
    |j_8_reg_4367               |   8|   0|    8|          0|
    |j_reg_3678                 |   7|   0|    7|          0|
    |k3_reg_696                 |   2|   0|    2|          0|
    |k4_reg_944                 |   3|   0|    3|          0|
    |k5_reg_933                 |   6|   0|    6|          0|
    |k6_reg_1159                |   4|   0|    4|          0|
    |k7_reg_1148                |   4|   0|    4|          0|
    |k8_reg_1283                |   2|   0|    2|          0|
    |k_1_reg_3719               |   2|   0|    2|          0|
    |k_2_reg_3691               |   8|   0|    8|          0|
    |k_3_reg_3947               |   3|   0|    3|          0|
    |k_4_reg_3934               |   6|   0|    6|          0|
    |k_5_reg_4185               |   4|   0|    4|          0|
    |k_6_reg_4172               |   4|   0|    4|          0|
    |k_7_reg_4315               |   2|   0|    2|          0|
    |k_reg_685                  |   8|   0|    8|          0|
    |l_1_reg_1272               |   8|   0|    8|          0|
    |l_2_reg_1294               |   8|   0|    8|          0|
    |l_3_reg_4270               |   8|   0|    8|          0|
    |l_reg_1249                 |   8|   0|    8|          0|
    |m4_reg_1035                |   5|   0|    5|          0|
    |m5_reg_989                 |   2|   0|    2|          0|
    |m6_reg_764                 |   2|   0|    2|          0|
    |m7_reg_1204                |   2|   0|    2|          0|
    |m9_reg_809                 |   6|   0|    6|          0|
    |m_1_reg_3593               |   7|   0|    7|          0|
    |m_2_reg_3813               |   6|   0|    6|          0|
    |m_3_reg_3763               |   2|   0|    2|          0|
    |m_4_reg_4056               |   5|   0|    5|          0|
    |m_5_reg_4001               |   2|   0|    2|          0|
    |m_6_reg_4239               |   2|   0|    2|          0|
    |m_reg_583                  |   7|   0|    7|          0|
    |merge_i_reg_3804           |  23|   0|   32|          9|
    |n2_reg_821                 |   6|   0|    6|          0|
    |n4_reg_1047                |   4|   0|    4|          0|
    |n5_reg_1012                |   3|   0|    3|          0|
    |n6_reg_1227                |   3|   0|    3|          0|
    |n7_reg_787                 |   3|   0|    3|          0|
    |n_1_reg_3606               |   8|   0|    8|          0|
    |n_2_reg_3826               |   6|   0|    6|          0|
    |n_3_reg_3776               |   3|   0|    3|          0|
    |n_4_reg_4069               |   4|   0|    4|          0|
    |n_5_reg_4014               |   3|   0|    3|          0|
    |n_6_reg_4252               |   3|   0|    3|          0|
    |n_reg_595                  |   8|   0|    8|          0|
    |next_mul1_reg_3662         |   8|   0|    8|          0|
    |next_mul2_reg_3706         |   7|   0|    7|          0|
    |next_mul3_reg_3711         |   8|   0|    8|          0|
    |next_mul4_reg_3885         |   7|   0|    7|          0|
    |next_mul_reg_3566          |   8|   0|    8|          0|
    |out3_reg_1023              |   4|   0|    4|          0|
    |out8_reg_798               |   3|   0|    3|          0|
    |out_1_reg_3574             |   2|   0|    2|          0|
    |out_2_reg_3789             |   3|   0|    3|          0|
    |out_3_reg_4027             |   4|   0|    4|          0|
    |out_reg_560                |   2|   0|    2|          0|
    |phi_mul1_reg_662           |   8|   0|    8|          0|
    |phi_mul2_reg_707           |   8|   0|    8|          0|
    |phi_mul38_cast_reg_3701    |   8|   0|    9|          1|
    |phi_mul3_reg_718           |   7|   0|    7|          0|
    |phi_mul4_reg_900           |   7|   0|    7|          0|
    |phi_mul_reg_571            |   8|   0|    8|          0|
    |reg_1409                   |  32|   0|   32|          0|
    |reg_1414                   |  32|   0|   32|          0|
    |tmp_100_reg_1103           |  32|   0|   32|          0|
    |tmp_104_reg_3970           |  12|   0|   12|          0|
    |tmp_10_reg_3737            |   7|   0|    8|          1|
    |tmp_114_reg_4151           |   9|   0|    9|          0|
    |tmp_118_reg_4061           |  11|   0|   12|          1|
    |tmp_121_cast_reg_3794      |   3|   0|    5|          2|
    |tmp_121_reg_4190           |   9|   0|    9|          0|
    |tmp_126_reg_4164           |  11|   0|   12|          1|
    |tmp_130_reg_4006           |  14|   0|   15|          1|
    |tmp_131_cast_reg_3629      |   4|   0|    5|          1|
    |tmp_13_reg_607             |  32|   0|   32|          0|
    |tmp_142_reg_4208           |   9|   0|    9|          0|
    |tmp_143_reg_4213           |   4|   0|    5|          1|
    |tmp_148_reg_4348           |   4|   0|   10|          6|
    |tmp_149_reg_4353           |   1|   0|    1|          0|
    |tmp_152_reg_4307           |   9|   0|    9|          0|
    |tmp_158_cast_reg_4037      |   4|   0|    7|          3|
    |tmp_160_reg_4244           |  11|   0|   12|          1|
    |tmp_176_cast_reg_4195      |   4|   0|    8|          4|
    |tmp_199_cast_reg_4275      |   4|   0|    8|          4|
    |tmp_1_reg_3598             |  17|   0|   17|          0|
    |tmp_21_reg_3624            |   7|   0|    7|          0|
    |tmp_22_reg_3799            |   7|   0|    9|          2|
    |tmp_25_reg_628             |  32|   0|   32|          0|
    |tmp_28_reg_3755            |   8|   0|   10|          2|
    |tmp_32_reg_3732            |  14|   0|   14|          0|
    |tmp_33_reg_752             |  32|   0|   32|          0|
    |tmp_36_reg_3975            |   6|   0|    7|          1|
    |tmp_42_reg_3913            |   7|   0|    9|          2|
    |tmp_43_reg_833             |  32|   0|   32|          0|
    |tmp_49_reg_3818            |  14|   0|   15|          1|
    |tmp_4_reg_3683             |  17|   0|   17|          0|
    |tmp_51_cast_reg_3844       |   6|   0|    7|          1|
    |tmp_52_reg_3849            |   2|   0|    6|          4|
    |tmp_57_reg_854             |  32|   0|   32|          0|
    |tmp_60_reg_3993            |   6|   0|    8|          2|
    |tmp_63_cast_reg_3862       |   6|   0|   14|          8|
    |tmp_64_cast_reg_3867       |   2|   0|    7|          5|
    |tmp_64_reg_3952            |   7|   0|    9|          2|
    |tmp_65_reg_977             |  32|   0|   32|          0|
    |tmp_66_reg_877             |  32|   0|   32|          0|
    |tmp_69_reg_3957            |   7|   0|    8|          1|
    |tmp_75_reg_1059            |  32|   0|   32|          0|
    |tmp_77_reg_3926            |  14|   0|   15|          1|
    |tmp_83_cast_reg_4087       |   5|   0|    8|          3|
    |tmp_84_reg_4092            |   2|   0|    8|          6|
    |tmp_86_reg_3768            |  17|   0|   17|          0|
    |tmp_89_reg_1080            |  32|   0|   32|          0|
    |tmp_8_cast_reg_3579        |   2|   0|    4|          2|
    |tmp_91_reg_4302            |   8|   0|    8|          0|
    |tmp_94_reg_4231            |   4|   0|    6|          2|
    |tmp_96_cast_reg_4105       |   4|   0|   12|          8|
    |tmp_96_reg_4042            |   9|   0|    9|          0|
    |tmp_97_cast_reg_4110       |   2|   0|    9|          7|
    |tmp_98_reg_1316            |  32|   0|   32|          0|
    |tmp_99_reg_1192            |  32|   0|   32|          0|
    |x_assign_1_reg_1000        |  32|   0|   32|          0|
    |x_assign_2_reg_1215        |  32|   0|   32|          0|
    |x_assign_reg_775           |  32|   0|   32|          0|
    +---------------------------+----+----+-----+-----------+
    |Total                      |2027|   0| 2139|        112|
    +---------------------------+----+----+-----+-----------+



================================================================
== Interface
================================================================
* Summary: 
+-------------------+-----+-----+------------+--------------+--------------+
|     RTL Ports     | Dir | Bits|  Protocol  | Source Object|    C Type    |
+-------------------+-----+-----+------------+--------------+--------------+
|ap_clk             |  in |    1| ap_ctrl_hs |  LoopOracle  | return value |
|ap_rst             |  in |    1| ap_ctrl_hs |  LoopOracle  | return value |
|ap_start           |  in |    1| ap_ctrl_hs |  LoopOracle  | return value |
|ap_done            | out |    1| ap_ctrl_hs |  LoopOracle  | return value |
|ap_idle            | out |    1| ap_ctrl_hs |  LoopOracle  | return value |
|ap_ready           | out |    1| ap_ctrl_hs |  LoopOracle  | return value |
|DataInTr_address0  | out |   15|  ap_memory |   DataInTr   |     array    |
|DataInTr_ce0       | out |    1|  ap_memory |   DataInTr   |     array    |
|DataInTr_q0        |  in |   32|  ap_memory |   DataInTr   |     array    |
|CnnOut_address0    | out |    1|  ap_memory |    CnnOut    |     array    |
|CnnOut_ce0         | out |    1|  ap_memory |    CnnOut    |     array    |
|CnnOut_we0         | out |    1|  ap_memory |    CnnOut    |     array    |
|CnnOut_d0          | out |   32|  ap_memory |    CnnOut    |     array    |
|CnnOut_address1    | out |    1|  ap_memory |    CnnOut    |     array    |
|CnnOut_ce1         | out |    1|  ap_memory |    CnnOut    |     array    |
|CnnOut_we1         | out |    1|  ap_memory |    CnnOut    |     array    |
|CnnOut_d1          | out |   32|  ap_memory |    CnnOut    |     array    |
+-------------------+-----+-----+------------+--------------+--------------+

